src/app/jobs/[id]/page.tsx(205,31): error TS2322: Type '"gradient"' is not assignable to type '"default" | "glass" | "neon" | "outline" | undefined'.
